---
source: crates/ruff_linter/src/rules/pyflakes/mod.rs
---
F601 Dictionary key literal `"a"` repeated
 --> F601.py:3:5
  |
3 |     "a": 2,
  |     ^^^
  |
help: Remove repeated key literal `"a"`

F601 Dictionary key literal `("a", "b")` repeated
 --> F601.py:6:5
  |
6 |     ("a", "b"): 4,
  |     ^^^^^^^^^^
  |
help: Remove repeated key literal `("a", "b")`

F601 Dictionary key literal `1` repeated (`1` hashes to the same value as `1.0`)
 --> F601.py:8:5
  |
8 |     1: 0,
  |     ^
  |
help: Remove repeated key literal `1`

F601 Dictionary key literal `1` repeated (`1` hashes to the same value as `1.0`)
 --> F601.py:9:5
  |
9 |     1: 3,
  |     ^
  |
help: Remove repeated key literal `1`

F601 Dictionary key literal `b"123"` repeated
  --> F601.py:11:5
   |
11 |     b"123": 4,
   |     ^^^^^^
   |
help: Remove repeated key literal `b"123"`

F601 Dictionary key literal `"a"` repeated
  --> F601.py:16:5
   |
16 |     "a": 2,
   |     ^^^
   |
help: Remove repeated key literal `"a"`

F601 Dictionary key literal `"a"` repeated
  --> F601.py:17:5
   |
17 |     "a": 3,
   |     ^^^
   |
help: Remove repeated key literal `"a"`

F601 [*] Dictionary key literal `"a"` repeated
  --> F601.py:18:5
   |
18 |     "a": 3,
   |     ^^^
   |
help: Remove repeated key literal `"a"`
15 |     "a": 1,
16 |     "a": 2,
17 |     "a": 3,
   -     "a": 3,
18 | }
19 |
20 | x = {
note: This is an unsafe fix and may change runtime behavior

F601 Dictionary key literal `"a"` repeated
  --> F601.py:23:5
   |
23 |     "a": 2,
   |     ^^^
   |
help: Remove repeated key literal `"a"`

F601 Dictionary key literal `"a"` repeated
  --> F601.py:24:5
   |
24 |     "a": 3,
   |     ^^^
   |
help: Remove repeated key literal `"a"`

F601 [*] Dictionary key literal `"a"` repeated
  --> F601.py:25:5
   |
25 |     "a": 3,
   |     ^^^
   |
help: Remove repeated key literal `"a"`
22 |     "a": 1,
23 |     "a": 2,
24 |     "a": 3,
   -     "a": 3,
25 |     "a": 4,
26 | }
27 |
note: This is an unsafe fix and may change runtime behavior

F601 Dictionary key literal `"a"` repeated
  --> F601.py:26:5
   |
26 |     "a": 4,
   |     ^^^
   |
help: Remove repeated key literal `"a"`

F601 [*] Dictionary key literal `"a"` repeated
  --> F601.py:31:5
   |
31 |     "a": 1,
   |     ^^^
   |
help: Remove repeated key literal `"a"`
28 |
29 | x = {
30 |     "a": 1,
   -     "a": 1,
31 |     "a": 2,
32 |     "a": 3,
33 |     "a": 4,
note: This is an unsafe fix and may change runtime behavior

F601 Dictionary key literal `"a"` repeated
  --> F601.py:32:5
   |
32 |     "a": 2,
   |     ^^^
   |
help: Remove repeated key literal `"a"`

F601 Dictionary key literal `"a"` repeated
  --> F601.py:33:5
   |
33 |     "a": 3,
   |     ^^^
   |
help: Remove repeated key literal `"a"`

F601 Dictionary key literal `"a"` repeated
  --> F601.py:34:5
   |
34 |     "a": 4,
   |     ^^^
   |
help: Remove repeated key literal `"a"`

F601 Dictionary key literal `"a"` repeated
  --> F601.py:41:5
   |
41 |     "a": 2,
   |     ^^^
   |
help: Remove repeated key literal `"a"`

F601 Dictionary key literal `"a"` repeated
  --> F601.py:43:5
   |
43 |     "a": 3,
   |     ^^^
   |
help: Remove repeated key literal `"a"`

F601 [*] Dictionary key literal `"a"` repeated
  --> F601.py:45:5
   |
45 |     "a": 3,
   |     ^^^
   |
help: Remove repeated key literal `"a"`
42 |     a: 2,
43 |     "a": 3,
44 |     a: 3,
   -     "a": 3,
45 |     a: 4,
46 | }
47 |
note: This is an unsafe fix and may change runtime behavior

F601 [*] Dictionary key literal `"a"` repeated
  --> F601.py:49:14
   |
49 | x = {"a": 1, "a": 1}
   |              ^^^
   |
help: Remove repeated key literal `"a"`
46 |     a: 4,
47 | }
48 |
   - x = {"a": 1, "a": 1}
49 + x = {"a": 1}
50 | x = {"a": 1, "b": 2, "a": 1}
51 |
52 | x = {
note: This is an unsafe fix and may change runtime behavior

F601 [*] Dictionary key literal `"a"` repeated
  --> F601.py:50:22
   |
50 | x = {"a": 1, "b": 2, "a": 1}
   |                      ^^^
   |
help: Remove repeated key literal `"a"`
47 | }
48 |
49 | x = {"a": 1, "a": 1}
   - x = {"a": 1, "b": 2, "a": 1}
50 + x = {"a": 1, "b": 2}
51 |
52 | x = {
53 |     ('a', 'b'): 'asdf',
note: This is an unsafe fix and may change runtime behavior

F601 Dictionary key literal `('a', 'b')` repeated
  --> F601.py:54:5
   |
54 |     ('a', 'b'): 'qwer',
   |     ^^^^^^^^^^
   |
help: Remove repeated key literal `('a', 'b')`

F601 [*] Dictionary key literal `"x"` repeated
  --> F601.py:58:19
   |
58 | t={"x":"test123", "x":("test123")}
   |                   ^^^
   |
help: Remove repeated key literal `"x"`
55 | }
56 |
57 | # Regression test for: https://github.com/astral-sh/ruff/issues/4897
   - t={"x":"test123", "x":("test123")}
58 + t={"x":"test123"}
59 |
60 | t={"x":("test123"), "x":"test123"}
61 |
note: This is an unsafe fix and may change runtime behavior

F601 [*] Dictionary key literal `"x"` repeated
  --> F601.py:60:21
   |
60 | t={"x":("test123"), "x":"test123"}
   |                     ^^^
   |
help: Remove repeated key literal `"x"`
57 | # Regression test for: https://github.com/astral-sh/ruff/issues/4897
58 | t={"x":"test123", "x":("test123")}
59 |
   - t={"x":("test123"), "x":"test123"}
60 + t={"x":("test123")}
61 |
62 | # Regression test for: https://github.com/astral-sh/ruff/issues/12772
63 | x = {
note: This is an unsafe fix and may change runtime behavior

F601 Dictionary key literal `1` repeated
  --> F601.py:65:5
   |
65 |     1: "def",
   |     ^
   |
help: Remove repeated key literal `1`

F601 Dictionary key literal `True` repeated (`True` hashes to the same value as `1`)
  --> F601.py:66:5
   |
66 |     True: "ghi",
   |     ^^^^
   |
help: Remove repeated key literal `True`

F601 Dictionary key literal `0` repeated
  --> F601.py:68:5
   |
68 |     0: "bar",
   |     ^
   |
help: Remove repeated key literal `0`

F601 Dictionary key literal `False` repeated (`False` hashes to the same value as `0`)
  --> F601.py:69:5
   |
69 |     False: "baz",
   |     ^^^^^
   |
help: Remove repeated key literal `False`
