---
source: crates/ruff/src/rules/flake8_pyi/mod.rs
expression: diagnostics
---
- kind:
    name: DuplicateTypesInUnion
    body: Duplicate name in union
    suggestion: Remove latter name from union
    fixable: true
  location:
    row: 5
    column: 14
  end_location:
    row: 5
    column: 17
  fix:
    edits:
      - content: ""
        location:
          row: 5
          column: 11
        end_location:
          row: 5
          column: 17
  parent: ~
- kind:
    name: DuplicateTypesInUnion
    body: Duplicate name in union
    suggestion: Remove latter name from union
    fixable: true
  location:
    row: 9
    column: 22
  end_location:
    row: 9
    column: 25
  fix:
    edits:
      - content: ""
        location:
          row: 9
          column: 19
        end_location:
          row: 9
          column: 25
  parent: ~
- kind:
    name: DuplicateTypesInUnion
    body: Duplicate name in union
    suggestion: Remove latter name from union
    fixable: true
  location:
    row: 14
    column: 21
  end_location:
    row: 14
    column: 24
  fix:
    edits:
      - content: ""
        location:
          row: 14
          column: 18
        end_location:
          row: 14
          column: 24
  parent: ~
- kind:
    name: DuplicateTypesInUnion
    body: Duplicate name in union
    suggestion: Remove latter name from union
    fixable: true
  location:
    row: 19
    column: 14
  end_location:
    row: 19
    column: 17
  fix:
    edits:
      - content: ""
        location:
          row: 19
          column: 11
        end_location:
          row: 19
          column: 17
  parent: ~
- kind:
    name: DuplicateTypesInUnion
    body: Duplicate name in union
    suggestion: Remove latter name from union
    fixable: true
  location:
    row: 20
    column: 14
  end_location:
    row: 20
    column: 17
  fix:
    edits:
      - content: ""
        location:
          row: 20
          column: 11
        end_location:
          row: 20
          column: 17
  parent: ~
- kind:
    name: DuplicateTypesInUnion
    body: Duplicate name in union
    suggestion: Remove latter name from union
    fixable: true
  location:
    row: 21
    column: 20
  end_location:
    row: 21
    column: 23
  fix:
    edits:
      - content: ""
        location:
          row: 21
          column: 17
        end_location:
          row: 21
          column: 23
  parent: ~
- kind:
    name: DuplicateTypesInUnion
    body: Duplicate name in union
    suggestion: Remove latter name from union
    fixable: true
  location:
    row: 22
    column: 27
  end_location:
    row: 22
    column: 30
  fix:
    edits:
      - content: ""
        location:
          row: 22
          column: 24
        end_location:
          row: 22
          column: 30
  parent: ~

