---
source: crates/ruff_linter/src/rules/flake8_pytest_style/mod.rs
---
PT013.py:11:1: PT013 Incorrect import of `pytest`; use `import pytest` instead
   |
 9 | # Error
10 | 
11 | import pytest as other_name
   | ^^^^^^^^^^^^^^^^^^^^^^^^^^^ PT013
12 | from pytest import fixture
13 | from pytest import fixture as other_name
   |

PT013.py:12:1: PT013 Incorrect import of `pytest`; use `import pytest` instead
   |
11 | import pytest as other_name
12 | from pytest import fixture
   | ^^^^^^^^^^^^^^^^^^^^^^^^^^ PT013
13 | from pytest import fixture as other_name
   |

PT013.py:13:1: PT013 Incorrect import of `pytest`; use `import pytest` instead
   |
11 | import pytest as other_name
12 | from pytest import fixture
13 | from pytest import fixture as other_name
   | ^^^^^^^^^^^^^^^^^^^^^^^^^^^^^^^^^^^^^^^^ PT013
   |
