---
source: crates/ruff_python_parser/tests/fixtures.rs
input_file: crates/ruff_python_parser/resources/invalid/expressions/dict/named_expression_1.py
---
## AST

```
Module(
    ModModule {
        node_index: NodeIndex(
            20,
        ),
        range: 0..86,
        body: [
            Expr(
                StmtExpr {
                    node_index: NodeIndex(
                        13,
                    ),
                    range: 57..79,
                    value: Dict(
                        ExprDict {
                            node_index: NodeIndex(
                                12,
                            ),
                            range: 57..79,
                            items: [
                                DictItem {
                                    key: Some(
                                        Name(
                                            ExprName {
                                                node_index: NodeIndex(
                                                    1,
                                                ),
                                                range: 58..59,
                                                id: Name("x"),
                                                ctx: Load,
                                            },
                                        ),
                                    ),
                                    value: Name(
                                        ExprName {
                                            node_index: NodeIndex(
                                                3,
                                            ),
                                            range: 61..62,
                                            id: Name("y"),
                                            ctx: Load,
                                        },
                                    ),
                                },
                                DictItem {
                                    key: Some(
                                        NumberLiteral(
                                            ExprNumberLiteral {
                                                node_index: NodeIndex(
                                                    4,
                                                ),
                                                range: 66..67,
                                                value: Int(
                                                    1,
                                                ),
                                            },
                                        ),
                                    ),
                                    value: Name(
                                        ExprName {
                                            node_index: NodeIndex(
                                                5,
                                            ),
                                            range: 67..67,
                                            id: Name(""),
                                            ctx: Invalid,
                                        },
                                    ),
                                },
                                DictItem {
                                    key: Some(
                                        Name(
                                            ExprName {
                                                node_index: NodeIndex(
                                                    7,
                                                ),
                                                range: 69..70,
                                                id: Name("z"),
                                                ctx: Load,
                                            },
                                        ),
                                    ),
                                    value: Name(
                                        ExprName {
                                            node_index: NodeIndex(
                                                9,
                                            ),
                                            range: 72..73,
                                            id: Name("a"),
                                            ctx: Load,
                                        },
                                    ),
                                },
                                DictItem {
                                    key: Some(
                                        NumberLiteral(
                                            ExprNumberLiteral {
                                                node_index: NodeIndex(
                                                    10,
                                                ),
                                                range: 77..78,
                                                value: Int(
                                                    2,
                                                ),
                                            },
                                        ),
                                    ),
                                    value: Name(
                                        ExprName {
                                            node_index: NodeIndex(
                                                11,
                                            ),
                                            range: 78..78,
                                            id: Name(""),
                                            ctx: Invalid,
                                        },
                                    ),
                                },
                            ],
                        },
                    ),
                },
            ),
            Expr(
                StmtExpr {
                    node_index: NodeIndex(
                        19,
                    ),
                    range: 81..86,
                    value: BinOp(
                        ExprBinOp {
                            node_index: NodeIndex(
                                18,
                            ),
                            range: 81..86,
                            left: Name(
                                ExprName {
                                    node_index: NodeIndex(
                                        15,
                                    ),
                                    range: 81..82,
                                    id: Name("x"),
                                    ctx: Load,
                                },
                            ),
                            op: Add,
                            right: Name(
                                ExprName {
                                    node_index: NodeIndex(
                                        17,
                                    ),
                                    range: 85..86,
                                    id: Name("y"),
                                    ctx: Load,
                                },
                            ),
                        },
                    ),
                },
            ),
        ],
    },
)
```
## Errors

  |
1 | # Unparenthesized named expression not allowed in value
2 |
3 | {x: y := 1, z: a := 2}
  |       ^^ Syntax Error: Expected ',', found ':='
4 |
5 | x + y
  |


  |
1 | # Unparenthesized named expression not allowed in value
2 |
3 | {x: y := 1, z: a := 2}
  |           ^ Syntax Error: Expected ':', found ','
4 |
5 | x + y
  |


  |
1 | # Unparenthesized named expression not allowed in value
2 |
3 | {x: y := 1, z: a := 2}
  |                  ^^ Syntax Error: Expected ',', found ':='
4 |
5 | x + y
  |


  |
1 | # Unparenthesized named expression not allowed in value
2 |
3 | {x: y := 1, z: a := 2}
  |                      ^ Syntax Error: Expected ':', found '}'
4 |
5 | x + y
  |
