---
source: crates/ruff_python_parser/tests/fixtures.rs
input_file: crates/ruff_python_parser/resources/valid/expressions/list.py
---
## AST

```
Module(
    ModModule {
        node_index: NodeIndex(
            134,
        ),
        range: 0..384,
        body: [
            Expr(
                StmtExpr {
                    node_index: NodeIndex(
                        1,
                    ),
                    range: 15..17,
                    value: List(
                        ExprList {
                            node_index: NodeIndex(
                                0,
                            ),
                            range: 15..17,
                            elts: [],
                            ctx: Load,
                        },
                    ),
                },
            ),
            Expr(
                StmtExpr {
                    node_index: NodeIndex(
                        4,
                    ),
                    range: 18..21,
                    value: List(
                        ExprList {
                            node_index: NodeIndex(
                                3,
                            ),
                            range: 18..21,
                            elts: [
                                NumberLiteral(
                                    ExprNumberLiteral {
                                        node_index: NodeIndex(
                                            2,
                                        ),
                                        range: 19..20,
                                        value: Int(
                                            1,
                                        ),
                                    },
                                ),
                            ],
                            ctx: Load,
                        },
                    ),
                },
            ),
            Expr(
                StmtExpr {
                    node_index: NodeIndex(
                        7,
                    ),
                    range: 22..26,
                    value: List(
                        ExprList {
                            node_index: NodeIndex(
                                6,
                            ),
                            range: 22..26,
                            elts: [
                                NumberLiteral(
                                    ExprNumberLiteral {
                                        node_index: NodeIndex(
                                            5,
                                        ),
                                        range: 23..24,
                                        value: Int(
                                            1,
                                        ),
                                    },
                                ),
                            ],
                            ctx: Load,
                        },
                    ),
                },
            ),
            Expr(
                StmtExpr {
                    node_index: NodeIndex(
                        12,
                    ),
                    range: 27..36,
                    value: List(
                        ExprList {
                            node_index: NodeIndex(
                                11,
                            ),
                            range: 27..36,
                            elts: [
                                NumberLiteral(
                                    ExprNumberLiteral {
                                        node_index: NodeIndex(
                                            8,
                                        ),
                                        range: 28..29,
                                        value: Int(
                                            1,
                                        ),
                                    },
                                ),
                                NumberLiteral(
                                    ExprNumberLiteral {
                                        node_index: NodeIndex(
                                            9,
                                        ),
                                        range: 31..32,
                                        value: Int(
                                            2,
                                        ),
                                    },
                                ),
                                NumberLiteral(
                                    ExprNumberLiteral {
                                        node_index: NodeIndex(
                                            10,
                                        ),
                                        range: 34..35,
                                        value: Int(
                                            3,
                                        ),
                                    },
                                ),
                            ],
                            ctx: Load,
                        },
                    ),
                },
            ),
            Expr(
                StmtExpr {
                    node_index: NodeIndex(
                        17,
                    ),
                    range: 37..47,
                    value: List(
                        ExprList {
                            node_index: NodeIndex(
                                16,
                            ),
                            range: 37..47,
                            elts: [
                                NumberLiteral(
                                    ExprNumberLiteral {
                                        node_index: NodeIndex(
                                            13,
                                        ),
                                        range: 38..39,
                                        value: Int(
                                            1,
                                        ),
                                    },
                                ),
                                NumberLiteral(
                                    ExprNumberLiteral {
                                        node_index: NodeIndex(
                                            14,
                                        ),
                                        range: 41..42,
                                        value: Int(
                                            2,
                                        ),
                                    },
                                ),
                                NumberLiteral(
                                    ExprNumberLiteral {
                                        node_index: NodeIndex(
                                            15,
                                        ),
                                        range: 44..45,
                                        value: Int(
                                            3,
                                        ),
                                    },
                                ),
                            ],
                            ctx: Load,
                        },
                    ),
                },
            ),
            Expr(
                StmtExpr {
                    node_index: NodeIndex(
                        19,
                    ),
                    range: 75..78,
                    value: List(
                        ExprList {
                            node_index: NodeIndex(
                                18,
                            ),
                            range: 75..78,
                            elts: [],
                            ctx: Load,
                        },
                    ),
                },
            ),
            Expr(
                StmtExpr {
                    node_index: NodeIndex(
                        22,
                    ),
                    range: 79..92,
                    value: List(
                        ExprList {
                            node_index: NodeIndex(
                                21,
                            ),
                            range: 79..92,
                            elts: [
                                NumberLiteral(
                                    ExprNumberLiteral {
                                        node_index: NodeIndex(
                                            20,
                                        ),
                                        range: 89..90,
                                        value: Int(
                                            1,
                                        ),
                                    },
                                ),
                            ],
                            ctx: Load,
                        },
                    ),
                },
            ),
            Expr(
                StmtExpr {
                    node_index: NodeIndex(
                        26,
                    ),
                    range: 93..114,
                    value: List(
                        ExprList {
                            node_index: NodeIndex(
                                25,
                            ),
                            range: 93..114,
                            elts: [
                                NumberLiteral(
                                    ExprNumberLiteral {
                                        node_index: NodeIndex(
                                            23,
                                        ),
                                        range: 99..100,
                                        value: Int(
                                            1,
                                        ),
                                    },
                                ),
                                NumberLiteral(
                                    ExprNumberLiteral {
                                        node_index: NodeIndex(
                                            24,
                                        ),
                                        range: 110..111,
                                        value: Int(
                                            2,
                                        ),
                                    },
                                ),
                            ],
                            ctx: Load,
                        },
                    ),
                },
            ),
            Expr(
                StmtExpr {
                    node_index: NodeIndex(
                        31,
                    ),
                    range: 125..132,
                    value: List(
                        ExprList {
                            node_index: NodeIndex(
                                30,
                            ),
                            range: 125..132,
                            elts: [
                                List(
                                    ExprList {
                                        node_index: NodeIndex(
                                            29,
                                        ),
                                        range: 126..131,
                                        elts: [
                                            List(
                                                ExprList {
                                                    node_index: NodeIndex(
                                                        28,
                                                    ),
                                                    range: 127..130,
                                                    elts: [
                                                        NumberLiteral(
                                                            ExprNumberLiteral {
                                                                node_index: NodeIndex(
                                                                    27,
                                                                ),
                                                                range: 128..129,
                                                                value: Int(
                                                                    1,
                                                                ),
                                                            },
                                                        ),
                                                    ],
                                                    ctx: Load,
                                                },
                                            ),
                                        ],
                                        ctx: Load,
                                    },
                                ),
                            ],
                            ctx: Load,
                        },
                    ),
                },
            ),
            Expr(
                StmtExpr {
                    node_index: NodeIndex(
                        39,
                    ),
                    range: 133..149,
                    value: List(
                        ExprList {
                            node_index: NodeIndex(
                                38,
                            ),
                            range: 133..149,
                            elts: [
                                List(
                                    ExprList {
                                        node_index: NodeIndex(
                                            34,
                                        ),
                                        range: 134..140,
                                        elts: [
                                            NumberLiteral(
                                                ExprNumberLiteral {
                                                    node_index: NodeIndex(
                                                        32,
                                                    ),
                                                    range: 135..136,
                                                    value: Int(
                                                        1,
                                                    ),
                                                },
                                            ),
                                            NumberLiteral(
                                                ExprNumberLiteral {
                                                    node_index: NodeIndex(
                                                        33,
                                                    ),
                                                    range: 138..139,
                                                    value: Int(
                                                        2,
                                                    ),
                                                },
                                            ),
                                        ],
                                        ctx: Load,
                                    },
                                ),
                                List(
                                    ExprList {
                                        node_index: NodeIndex(
                                            37,
                                        ),
                                        range: 142..148,
                                        elts: [
                                            NumberLiteral(
                                                ExprNumberLiteral {
                                                    node_index: NodeIndex(
                                                        35,
                                                    ),
                                                    range: 143..144,
                                                    value: Int(
                                                        3,
                                                    ),
                                                },
                                            ),
                                            NumberLiteral(
                                                ExprNumberLiteral {
                                                    node_index: NodeIndex(
                                                        36,
                                                    ),
                                                    range: 146..147,
                                                    value: Int(
                                                        4,
                                                    ),
                                                },
                                            ),
                                        ],
                                        ctx: Load,
                                    },
                                ),
                            ],
                            ctx: Load,
                        },
                    ),
                },
            ),
            Expr(
                StmtExpr {
                    node_index: NodeIndex(
                        45,
                    ),
                    range: 170..178,
                    value: List(
                        ExprList {
                            node_index: NodeIndex(
                                44,
                            ),
                            range: 170..178,
                            elts: [
                                Named(
                                    ExprNamed {
                                        node_index: NodeIndex(
                                            43,
                                        ),
                                        range: 171..177,
                                        target: Name(
                                            ExprName {
                                                node_index: NodeIndex(
                                                    41,
                                                ),
                                                range: 171..172,
                                                id: Name("x"),
                                                ctx: Store,
                                            },
                                        ),
                                        value: NumberLiteral(
                                            ExprNumberLiteral {
                                                node_index: NodeIndex(
                                                    42,
                                                ),
                                                range: 176..177,
                                                value: Int(
                                                    2,
                                                ),
                                            },
                                        ),
                                    },
                                ),
                            ],
                            ctx: Load,
                        },
                    ),
                },
            ),
            Expr(
                StmtExpr {
                    node_index: NodeIndex(
                        51,
                    ),
                    range: 179..188,
                    value: List(
                        ExprList {
                            node_index: NodeIndex(
                                50,
                            ),
                            range: 179..188,
                            elts: [
                                Named(
                                    ExprNamed {
                                        node_index: NodeIndex(
                                            49,
                                        ),
                                        range: 180..186,
                                        target: Name(
                                            ExprName {
                                                node_index: NodeIndex(
                                                    47,
                                                ),
                                                range: 180..181,
                                                id: Name("x"),
                                                ctx: Store,
                                            },
                                        ),
                                        value: NumberLiteral(
                                            ExprNumberLiteral {
                                                node_index: NodeIndex(
                                                    48,
                                                ),
                                                range: 185..186,
                                                value: Int(
                                                    2,
                                                ),
                                            },
                                        ),
                                    },
                                ),
                            ],
                            ctx: Load,
                        },
                    ),
                },
            ),
            Expr(
                StmtExpr {
                    node_index: NodeIndex(
                        59,
                    ),
                    range: 189..203,
                    value: List(
                        ExprList {
                            node_index: NodeIndex(
                                58,
                            ),
                            range: 189..203,
                            elts: [
                                NumberLiteral(
                                    ExprNumberLiteral {
                                        node_index: NodeIndex(
                                            52,
                                        ),
                                        range: 190..191,
                                        value: Int(
                                            1,
                                        ),
                                    },
                                ),
                                Named(
                                    ExprNamed {
                                        node_index: NodeIndex(
                                            56,
                                        ),
                                        range: 193..199,
                                        target: Name(
                                            ExprName {
                                                node_index: NodeIndex(
                                                    54,
                                                ),
                                                range: 193..194,
                                                id: Name("x"),
                                                ctx: Store,
                                            },
                                        ),
                                        value: NumberLiteral(
                                            ExprNumberLiteral {
                                                node_index: NodeIndex(
                                                    55,
                                                ),
                                                range: 198..199,
                                                value: Int(
                                                    2,
                                                ),
                                            },
                                        ),
                                    },
                                ),
                                NumberLiteral(
                                    ExprNumberLiteral {
                                        node_index: NodeIndex(
                                            57,
                                        ),
                                        range: 201..202,
                                        value: Int(
                                            3,
                                        ),
                                    },
                                ),
                            ],
                            ctx: Load,
                        },
                    ),
                },
            ),
            Expr(
                StmtExpr {
                    node_index: NodeIndex(
                        66,
                    ),
                    range: 223..233,
                    value: List(
                        ExprList {
                            node_index: NodeIndex(
                                65,
                            ),
                            range: 223..233,
                            elts: [
                                NumberLiteral(
                                    ExprNumberLiteral {
                                        node_index: NodeIndex(
                                            60,
                                        ),
                                        range: 224..225,
                                        value: Int(
                                            1,
                                        ),
                                    },
                                ),
                                Starred(
                                    ExprStarred {
                                        node_index: NodeIndex(
                                            63,
                                        ),
                                        range: 227..229,
                                        value: Name(
                                            ExprName {
                                                node_index: NodeIndex(
                                                    62,
                                                ),
                                                range: 228..229,
                                                id: Name("x"),
                                                ctx: Load,
                                            },
                                        ),
                                        ctx: Load,
                                    },
                                ),
                                NumberLiteral(
                                    ExprNumberLiteral {
                                        node_index: NodeIndex(
                                            64,
                                        ),
                                        range: 231..232,
                                        value: Int(
                                            3,
                                        ),
                                    },
                                ),
                            ],
                            ctx: Load,
                        },
                    ),
                },
            ),
            Expr(
                StmtExpr {
                    node_index: NodeIndex(
                        76,
                    ),
                    range: 234..248,
                    value: List(
                        ExprList {
                            node_index: NodeIndex(
                                75,
                            ),
                            range: 234..248,
                            elts: [
                                NumberLiteral(
                                    ExprNumberLiteral {
                                        node_index: NodeIndex(
                                            67,
                                        ),
                                        range: 235..236,
                                        value: Int(
                                            1,
                                        ),
                                    },
                                ),
                                Starred(
                                    ExprStarred {
                                        node_index: NodeIndex(
                                            73,
                                        ),
                                        range: 238..244,
                                        value: BinOp(
                                            ExprBinOp {
                                                node_index: NodeIndex(
                                                    72,
                                                ),
                                                range: 239..244,
                                                left: Name(
                                                    ExprName {
                                                        node_index: NodeIndex(
                                                            69,
                                                        ),
                                                        range: 239..240,
                                                        id: Name("x"),
                                                        ctx: Load,
                                                    },
                                                ),
                                                op: BitOr,
                                                right: Name(
                                                    ExprName {
                                                        node_index: NodeIndex(
                                                            71,
                                                        ),
                                                        range: 243..244,
                                                        id: Name("y"),
                                                        ctx: Load,
                                                    },
                                                ),
                                            },
                                        ),
                                        ctx: Load,
                                    },
                                ),
                                NumberLiteral(
                                    ExprNumberLiteral {
                                        node_index: NodeIndex(
                                            74,
                                        ),
                                        range: 246..247,
                                        value: Int(
                                            3,
                                        ),
                                    },
                                ),
                            ],
                            ctx: Load,
                        },
                    ),
                },
            ),
            Expr(
                StmtExpr {
                    node_index: NodeIndex(
                        111,
                    ),
                    range: 271..334,
                    value: List(
                        ExprList {
                            node_index: NodeIndex(
                                110,
                            ),
                            range: 271..334,
                            elts: [
                                BinOp(
                                    ExprBinOp {
                                        node_index: NodeIndex(
                                            79,
                                        ),
                                        range: 272..277,
                                        left: NumberLiteral(
                                            ExprNumberLiteral {
                                                node_index: NodeIndex(
                                                    77,
                                                ),
                                                range: 272..273,
                                                value: Int(
                                                    1,
                                                ),
                                            },
                                        ),
                                        op: Add,
                                        right: NumberLiteral(
                                            ExprNumberLiteral {
                                                node_index: NodeIndex(
                                                    78,
                                                ),
                                                range: 276..277,
                                                value: Int(
                                                    2,
                                                ),
                                            },
                                        ),
                                    },
                                ),
                                List(
                                    ExprList {
                                        node_index: NodeIndex(
                                            84,
                                        ),
                                        range: 279..291,
                                        elts: [
                                            NumberLiteral(
                                                ExprNumberLiteral {
                                                    node_index: NodeIndex(
                                                        80,
                                                    ),
                                                    range: 280..281,
                                                    value: Int(
                                                        1,
                                                    ),
                                                },
                                            ),
                                            NumberLiteral(
                                                ExprNumberLiteral {
                                                    node_index: NodeIndex(
                                                        81,
                                                    ),
                                                    range: 283..284,
                                                    value: Int(
                                                        2,
                                                    ),
                                                },
                                            ),
                                            NumberLiteral(
                                                ExprNumberLiteral {
                                                    node_index: NodeIndex(
                                                        82,
                                                    ),
                                                    range: 286..287,
                                                    value: Int(
                                                        3,
                                                    ),
                                                },
                                            ),
                                            NumberLiteral(
                                                ExprNumberLiteral {
                                                    node_index: NodeIndex(
                                                        83,
                                                    ),
                                                    range: 289..290,
                                                    value: Int(
                                                        4,
                                                    ),
                                                },
                                            ),
                                        ],
                                        ctx: Load,
                                    },
                                ),
                                Tuple(
                                    ExprTuple {
                                        node_index: NodeIndex(
                                            94,
                                        ),
                                        range: 293..306,
                                        elts: [
                                            Name(
                                                ExprName {
                                                    node_index: NodeIndex(
                                                        86,
                                                    ),
                                                    range: 294..295,
                                                    id: Name("a"),
                                                    ctx: Load,
                                                },
                                            ),
                                            BinOp(
                                                ExprBinOp {
                                                    node_index: NodeIndex(
                                                        91,
                                                    ),
                                                    range: 297..302,
                                                    left: Name(
                                                        ExprName {
                                                            node_index: NodeIndex(
                                                                88,
                                                            ),
                                                            range: 297..298,
                                                            id: Name("b"),
                                                            ctx: Load,
                                                        },
                                                    ),
                                                    op: Add,
                                                    right: Name(
                                                        ExprName {
                                                            node_index: NodeIndex(
                                                                90,
                                                            ),
                                                            range: 301..302,
                                                            id: Name("c"),
                                                            ctx: Load,
                                                        },
                                                    ),
                                                },
                                            ),
                                            Name(
                                                ExprName {
                                                    node_index: NodeIndex(
                                                        93,
                                                    ),
                                                    range: 304..305,
                                                    id: Name("d"),
                                                    ctx: Load,
                                                },
                                            ),
                                        ],
                                        ctx: Load,
                                        parenthesized: true,
                                    },
                                ),
                                Set(
                                    ExprSet {
                                        node_index: NodeIndex(
                                            101,
                                        ),
                                        range: 308..317,
                                        elts: [
                                            Name(
                                                ExprName {
                                                    node_index: NodeIndex(
                                                        96,
                                                    ),
                                                    range: 309..310,
                                                    id: Name("a"),
                                                    ctx: Load,
                                                },
                                            ),
                                            Name(
                                                ExprName {
                                                    node_index: NodeIndex(
                                                        98,
                                                    ),
                                                    range: 312..313,
                                                    id: Name("b"),
                                                    ctx: Load,
                                                },
                                            ),
                                            Name(
                                                ExprName {
                                                    node_index: NodeIndex(
                                                        100,
                                                    ),
                                                    range: 315..316,
                                                    id: Name("c"),
                                                    ctx: Load,
                                                },
                                            ),
                                        ],
                                    },
                                ),
                                Dict(
                                    ExprDict {
                                        node_index: NodeIndex(
                                            105,
                                        ),
                                        range: 319..325,
                                        items: [
                                            DictItem {
                                                key: Some(
                                                    Name(
                                                        ExprName {
                                                            node_index: NodeIndex(
                                                                103,
                                                            ),
                                                            range: 320..321,
                                                            id: Name("a"),
                                                            ctx: Load,
                                                        },
                                                    ),
                                                ),
                                                value: NumberLiteral(
                                                    ExprNumberLiteral {
                                                        node_index: NodeIndex(
                                                            104,
                                                        ),
                                                        range: 323..324,
                                                        value: Int(
                                                            1,
                                                        ),
                                                    },
                                                ),
                                            },
                                        ],
                                    },
                                ),
                                Named(
                                    ExprNamed {
                                        node_index: NodeIndex(
                                            109,
                                        ),
                                        range: 327..333,
                                        target: Name(
                                            ExprName {
                                                node_index: NodeIndex(
                                                    107,
                                                ),
                                                range: 327..328,
                                                id: Name("x"),
                                                ctx: Store,
                                            },
                                        ),
                                        value: NumberLiteral(
                                            ExprNumberLiteral {
                                                node_index: NodeIndex(
                                                    108,
                                                ),
                                                range: 332..333,
                                                value: Int(
                                                    2,
                                                ),
                                            },
                                        ),
                                    },
                                ),
                            ],
                            ctx: Load,
                        },
                    ),
                },
            ),
            Expr(
                StmtExpr {
                    node_index: NodeIndex(
                        133,
                    ),
                    range: 335..383,
                    value: List(
                        ExprList {
                            node_index: NodeIndex(
                                132,
                            ),
                            range: 335..383,
                            elts: [
                                Call(
                                    ExprCall {
                                        node_index: NodeIndex(
                                            131,
                                        ),
                                        range: 336..382,
                                        func: Name(
                                            ExprName {
                                                node_index: NodeIndex(
                                                    113,
                                                ),
                                                range: 336..341,
                                                id: Name("call1"),
                                                ctx: Load,
                                            },
                                        ),
                                        arguments: Arguments {
                                            range: 341..382,
                                            node_index: NodeIndex(
                                                130,
                                            ),
                                            args: [
                                                Generator(
                                                    ExprGenerator {
                                                        node_index: NodeIndex(
                                                            129,
                                                        ),
                                                        range: 342..381,
                                                        elt: Call(
                                                            ExprCall {
                                                                node_index: NodeIndex(
                                                                    123,
                                                                ),
                                                                range: 342..361,
                                                                func: Name(
                                                                    ExprName {
                                                                        node_index: NodeIndex(
                                                                            115,
                                                                        ),
                                                                        range: 342..347,
                                                                        id: Name("call2"),
                                                                        ctx: Load,
                                                                    },
                                                                ),
                                                                arguments: Arguments {
                                                                    range: 347..361,
                                                                    node_index: NodeIndex(
                                                                        122,
                                                                    ),
                                                                    args: [
                                                                        Call(
                                                                            ExprCall {
                                                                                node_index: NodeIndex(
                                                                                    121,
                                                                                ),
                                                                                range: 348..360,
                                                                                func: Attribute(
                                                                                    ExprAttribute {
                                                                                        node_index: NodeIndex(
                                                                                            119,
                                                                                        ),
                                                                                        range: 348..358,
                                                                                        value: Name(
                                                                                            ExprName {
                                                                                                node_index: NodeIndex(
                                                                                                    117,
                                                                                                ),
                                                                                                range: 348..353,
                                                                                                id: Name("value"),
                                                                                                ctx: Load,
                                                                                            },
                                                                                        ),
                                                                                        attr: Identifier {
                                                                                            id: Name("attr"),
                                                                                            range: 354..358,
                                                                                            node_index: NodeIndex(
                                                                                                118,
                                                                                            ),
                                                                                        },
                                                                                        ctx: Load,
                                                                                    },
                                                                                ),
                                                                                arguments: Arguments {
                                                                                    range: 358..360,
                                                                                    node_index: NodeIndex(
                                                                                        120,
                                                                                    ),
                                                                                    args: [],
                                                                                    keywords: [],
                                                                                },
                                                                            },
                                                                        ),
                                                                    ],
                                                                    keywords: [],
                                                                },
                                                            },
                                                        ),
                                                        generators: [
                                                            Comprehension {
                                                                range: 362..381,
                                                                node_index: NodeIndex(
                                                                    128,
                                                                ),
                                                                target: Name(
                                                                    ExprName {
                                                                        node_index: NodeIndex(
                                                                            125,
                                                                        ),
                                                                        range: 366..373,
                                                                        id: Name("element"),
                                                                        ctx: Store,
                                                                    },
                                                                ),
                                                                iter: Name(
                                                                    ExprName {
                                                                        node_index: NodeIndex(
                                                                            127,
                                                                        ),
                                                                        range: 377..381,
                                                                        id: Name("iter"),
                                                                        ctx: Load,
                                                                    },
                                                                ),
                                                                ifs: [],
                                                                is_async: false,
                                                            },
                                                        ],
                                                        parenthesized: false,
                                                    },
                                                ),
                                            ],
                                            keywords: [],
                                        },
                                    },
                                ),
                            ],
                            ctx: Load,
                        },
                    ),
                },
            ),
        ],
    },
)
```
