---
source: crates/ruff/src/rules/pyflakes/mod.rs
expression: diagnostics
---
- kind:
    name: InvalidPrintSyntax
    body: "Use of `>>` is invalid with `print` function"
    suggestion: ~
    fixable: false
  location:
    row: 4
    column: 0
  end_location:
    row: 4
    column: 5
  fix: ~
  parent: ~

