---
source: crates/ruff/src/noqa.rs
expression: "Directive::try_extract(source, TextSize::default())"
---
Ok(
    Some(
        Codes(
            Codes {
                range: 35..53,
                codes: [
                    "F401",
                    "F841",
                ],
            },
        ),
    ),
)
