---
source: crates/ruff_linter/src/rules/flake8_simplify/mod.rs
---
SIM109.py:2:4: SIM109 [*] Use `a in (b, c)` instead of multiple equality comparisons
  |
1 | # SIM109
2 | if a == b or a == c:
  |    ^^^^^^^^^^^^^^^^ SIM109
3 |     d
  |
  = help: Replace with `a in (b, c)`

ℹ Unsafe fix
1 1 | # SIM109
2   |-if a == b or a == c:
  2 |+if a in (b, c):
3 3 |     d
4 4 | 
5 5 | # SIM109

SIM109.py:6:5: SIM109 [*] Use `a in (b, c)` instead of multiple equality comparisons
  |
5 | # SIM109
6 | if (a == b or a == c) and None:
  |     ^^^^^^^^^^^^^^^^ SIM109
7 |     d
  |
  = help: Replace with `a in (b, c)`

ℹ Unsafe fix
3 3 |     d
4 4 | 
5 5 | # SIM109
6   |-if (a == b or a == c) and None:
  6 |+if (a in (b, c)) and None:
7 7 |     d
8 8 | 
9 9 | # SIM109

SIM109.py:10:4: SIM109 [*] Use `a in (b, c)` instead of multiple equality comparisons
   |
 9 | # SIM109
10 | if a == b or a == c or None:
   |    ^^^^^^^^^^^^^^^^^^^^^^^^ SIM109
11 |     d
   |
   = help: Replace with `a in (b, c)`

ℹ Unsafe fix
7  7  |     d
8  8  | 
9  9  | # SIM109
10    |-if a == b or a == c or None:
   10 |+if a in (b, c) or None:
11 11 |     d
12 12 | 
13 13 | # SIM109

SIM109.py:14:4: SIM109 [*] Use `a in (b, c)` instead of multiple equality comparisons
   |
13 | # SIM109
14 | if a == b or None or a == c:
   |    ^^^^^^^^^^^^^^^^^^^^^^^^ SIM109
15 |     d
   |
   = help: Replace with `a in (b, c)`

ℹ Unsafe fix
11 11 |     d
12 12 | 
13 13 | # SIM109
14    |-if a == b or None or a == c:
   14 |+if a in (b, c) or None:
15 15 |     d
16 16 | 
17 17 | # OK


