---
source: src/flake8_bugbear/mod.rs
expression: checks
---
- kind:
    EmptyMethodWithoutAbstractDecorator: AbstractClass
  location:
    row: 12
    column: 4
  end_location:
    row: 13
    column: 11
  fix: ~
- kind:
    EmptyMethodWithoutAbstractDecorator: AbstractClass
  location:
    row: 15
    column: 4
  end_location:
    row: 16
    column: 12
  fix: ~
- kind:
    EmptyMethodWithoutAbstractDecorator: AbstractClass
  location:
    row: 18
    column: 4
  end_location:
    row: 20
    column: 11
  fix: ~
- kind:
    EmptyMethodWithoutAbstractDecorator: AbstractClass
  location:
    row: 22
    column: 4
  end_location:
    row: 27
    column: 12
  fix: ~

