---
source: crates/ruff_linter/src/rules/pycodestyle/mod.rs
---
E30.py:406:1: E302 [*] Expected 2 blank lines, found 0
    |
404 | # E302
405 | """Main module."""
406 | def fn():
    | ^^^ E302
407 |     pass
408 | # end
    |
    = help: Add missing blank line(s)

ℹ Safe fix
403 403 | 
404 404 | # E302
405 405 | """Main module."""
    406 |+
    407 |+
406 408 | def fn():
407 409 |     pass
408 410 | # end

E30.py:413:1: E302 [*] Expected 2 blank lines, found 0
    |
411 | # E302
412 | import sys
413 | def get_sys_path():
    | ^^^ E302
414 |     return sys.path
415 | # end
    |
    = help: Add missing blank line(s)

ℹ Safe fix
410 410 | 
411 411 | # E302
412 412 | import sys
    413 |+
    414 |+
413 415 | def get_sys_path():
414 416 |     return sys.path
415 417 | # end

E30.py:422:1: E302 [*] Expected 2 blank lines, found 1
    |
420 |     pass
421 | 
422 | def b():
    | ^^^ E302
423 |     pass
424 | # end
    |
    = help: Add missing blank line(s)

ℹ Safe fix
419 419 | def a():
420 420 |     pass
421 421 | 
    422 |+
422 423 | def b():
423 424 |     pass
424 425 | # end

E30.py:433:1: E302 [*] Expected 2 blank lines, found 1
    |
431 | # comment
432 | 
433 | def b():
    | ^^^ E302
434 |     pass
435 | # end
    |
    = help: Add missing blank line(s)

ℹ Safe fix
428 428 | def a():
429 429 |     pass
430 430 | 
    431 |+
431 432 | # comment
432 433 | 
433 434 | def b():

E30.py:442:1: E302 [*] Expected 2 blank lines, found 1
    |
440 |     pass
441 | 
442 | async def b():
    | ^^^^^ E302
443 |     pass
444 | # end
    |
    = help: Add missing blank line(s)

ℹ Safe fix
439 439 | def a():
440 440 |     pass
441 441 | 
    442 |+
442 443 | async def b():
443 444 |     pass
444 445 | # end

E30.py:451:1: E302 [*] Expected 2 blank lines, found 1
    |
449 |     pass
450 | 
451 | async  def x(y: int = 1):
    | ^^^^^ E302
452 |     pass
453 | # end
    |
    = help: Add missing blank line(s)

ℹ Safe fix
448 448 | async  def x():
449 449 |     pass
450 450 | 
    451 |+
451 452 | async  def x(y: int = 1):
452 453 |     pass
453 454 | # end

E30.py:459:1: E302 [*] Expected 2 blank lines, found 0
    |
457 | def bar():
458 |     pass
459 | def baz(): pass
    | ^^^ E302
460 | # end
    |
    = help: Add missing blank line(s)

ℹ Safe fix
456 456 | # E302
457 457 | def bar():
458 458 |     pass
    459 |+
    460 |+
459 461 | def baz(): pass
460 462 | # end
461 463 | 

E30.py:465:1: E302 [*] Expected 2 blank lines, found 0
    |
463 | # E302
464 | def bar(): pass
465 | def baz():
    | ^^^ E302
466 |     pass
467 | # end
    |
    = help: Add missing blank line(s)

ℹ Safe fix
462 462 | 
463 463 | # E302
464 464 | def bar(): pass
    465 |+
    466 |+
465 467 | def baz():
466 468 |     pass
467 469 | # end

E30.py:475:1: E302 [*] Expected 2 blank lines, found 1
    |
474 | # comment
475 | @decorator
    | ^ E302
476 | def g():
477 |     pass
    |
    = help: Add missing blank line(s)

ℹ Safe fix
471 471 | def f():
472 472 |     pass
473 473 | 
    474 |+
474 475 | # comment
475 476 | @decorator
476 477 | def g():


