---
source: crates/ruff_linter/src/rules/pycodestyle/mod.rs
---
E40.py:6:8: E402 Module level import not at top of file
  |
4 | import re as regex, string; x = 1
5 | 
6 | x = 1; import re as regex, string
  |        ^^^^^^^^^^^^^^^^^^^^^^^^^^ E402
  |

E40.py:15:1: E402 Module level import not at top of file
   |
14 | #: Okay
15 | import os
   | ^^^^^^^^^ E402
16 | import sys
   |

E40.py:16:1: E402 Module level import not at top of file
   |
14 | #: Okay
15 | import os
16 | import sys
   | ^^^^^^^^^^ E402
17 | 
18 | from subprocess import Popen, PIPE
   |

E40.py:18:1: E402 Module level import not at top of file
   |
16 | import sys
17 | 
18 | from subprocess import Popen, PIPE
   | ^^^^^^^^^^^^^^^^^^^^^^^^^^^^^^^^^^ E402
19 | 
20 | from myclass import MyClass
   |

E40.py:20:1: E402 Module level import not at top of file
   |
18 | from subprocess import Popen, PIPE
19 | 
20 | from myclass import MyClass
   | ^^^^^^^^^^^^^^^^^^^^^^^^^^^ E402
21 | from foo.bar.yourclass import YourClass
   |

E40.py:21:1: E402 Module level import not at top of file
   |
20 | from myclass import MyClass
21 | from foo.bar.yourclass import YourClass
   | ^^^^^^^^^^^^^^^^^^^^^^^^^^^^^^^^^^^^^^^ E402
22 | 
23 | import myclass
   |

E40.py:23:1: E402 Module level import not at top of file
   |
21 | from foo.bar.yourclass import YourClass
22 | 
23 | import myclass
   | ^^^^^^^^^^^^^^ E402
24 | import foo.bar.yourclass
25 | #: Okay
   |

E40.py:24:1: E402 Module level import not at top of file
   |
23 | import myclass
24 | import foo.bar.yourclass
   | ^^^^^^^^^^^^^^^^^^^^^^^^ E402
25 | #: Okay
26 | __all__ = ['abc']
   |

E40.py:28:1: E402 Module level import not at top of file
   |
26 | __all__ = ['abc']
27 | 
28 | import foo
   | ^^^^^^^^^^ E402
29 | #: Okay
30 | __version__ = "42"
   |

E40.py:32:1: E402 Module level import not at top of file
   |
30 | __version__ = "42"
31 | 
32 | import foo
   | ^^^^^^^^^^ E402
33 | #: Okay
34 | __author__ = "Simon Gomizelj"
   |

E40.py:36:1: E402 Module level import not at top of file
   |
34 | __author__ = "Simon Gomizelj"
35 | 
36 | import foo
   | ^^^^^^^^^^ E402
37 | #: Okay
38 | try:
   |

E40.py:47:1: E402 Module level import not at top of file
   |
45 |     print('made attempt to import foo')
46 | 
47 | import bar
   | ^^^^^^^^^^ E402
48 | #: Okay
49 | with warnings.catch_warnings():
   |

E40.py:53:1: E402 Module level import not at top of file
   |
51 |     import foo
52 | 
53 | import bar
   | ^^^^^^^^^^ E402
54 | #: Okay
55 | if False:
   |

E40.py:62:1: E402 Module level import not at top of file
   |
60 |     import mwahaha
61 | 
62 | import bar
   | ^^^^^^^^^^ E402
63 | #: E402
64 | VERSION = '1.2.3'
   |

E40.py:66:1: E402 Module level import not at top of file
   |
64 | VERSION = '1.2.3'
65 | 
66 | import foo
   | ^^^^^^^^^^ E402
67 | #: E402
68 | import foo
   |

E40.py:68:1: E402 Module level import not at top of file
   |
66 | import foo
67 | #: E402
68 | import foo
   | ^^^^^^^^^^ E402
69 | 
70 | a = 1
   |

E40.py:72:1: E402 Module level import not at top of file
   |
70 | a = 1
71 | 
72 | import bar
   | ^^^^^^^^^^ E402
   |


