---
source: crates/ruff_linter/src/rules/pycodestyle/mod.rs
---
E30.py:775:5: E306 [*] Expected 1 blank line before a nested definition, found 0
    |
773 | def a():
774 |     x = 1
775 |     def b():
    |     ^^^ E306
776 |         pass
777 | # end
    |
    = help: Add missing blank line

ℹ Safe fix
772 772 | # E306:3:5
773 773 | def a():
774 774 |     x = 1
    775 |+
775 776 |     def b():
776 777 |         pass
777 778 | # end

E30.py:783:5: E306 [*] Expected 1 blank line before a nested definition, found 0
    |
781 | async def a():
782 |     x = 1
783 |     def b():
    |     ^^^ E306
784 |         pass
785 | # end
    |
    = help: Add missing blank line

ℹ Safe fix
780 780 | #: E306:3:5
781 781 | async def a():
782 782 |     x = 1
    783 |+
783 784 |     def b():
784 785 |         pass
785 786 | # end

E30.py:791:5: E306 [*] Expected 1 blank line before a nested definition, found 0
    |
789 | def a():
790 |     x = 2
791 |     def b():
    |     ^^^ E306
792 |         x = 1
793 |         def c():
    |
    = help: Add missing blank line

ℹ Safe fix
788 788 | #: E306:3:5 E306:5:9
789 789 | def a():
790 790 |     x = 2
    791 |+
791 792 |     def b():
792 793 |         x = 1
793 794 |         def c():

E30.py:793:9: E306 [*] Expected 1 blank line before a nested definition, found 0
    |
791 |     def b():
792 |         x = 1
793 |         def c():
    |         ^^^ E306
794 |             pass
795 | # end
    |
    = help: Add missing blank line

ℹ Safe fix
790 790 |     x = 2
791 791 |     def b():
792 792 |         x = 1
    793 |+
793 794 |         def c():
794 795 |             pass
795 796 | # end

E30.py:801:5: E306 [*] Expected 1 blank line before a nested definition, found 0
    |
799 | def a():
800 |     x = 1
801 |     class C:
    |     ^^^^^ E306
802 |         pass
803 |     x = 2
    |
    = help: Add missing blank line

ℹ Safe fix
798 798 | # E306:3:5 E306:6:5
799 799 | def a():
800 800 |     x = 1
    801 |+
801 802 |     class C:
802 803 |         pass
803 804 |     x = 2

E30.py:804:5: E306 [*] Expected 1 blank line before a nested definition, found 0
    |
802 |         pass
803 |     x = 2
804 |     def b():
    |     ^^^ E306
805 |         pass
806 | # end
    |
    = help: Add missing blank line

ℹ Safe fix
801 801 |     class C:
802 802 |         pass
803 803 |     x = 2
    804 |+
804 805 |     def b():
805 806 |         pass
806 807 | # end

E30.py:813:5: E306 [*] Expected 1 blank line before a nested definition, found 0
    |
811 |     def bar():
812 |         pass
813 |     def baz(): pass
    |     ^^^ E306
814 | # end
    |
    = help: Add missing blank line

ℹ Safe fix
810 810 | def foo():
811 811 |     def bar():
812 812 |         pass
    813 |+
813 814 |     def baz(): pass
814 815 | # end
815 816 | 

E30.py:820:5: E306 [*] Expected 1 blank line before a nested definition, found 0
    |
818 | def foo():
819 |     def bar(): pass
820 |     def baz():
    |     ^^^ E306
821 |         pass
822 | # end
    |
    = help: Add missing blank line

ℹ Safe fix
817 817 | # E306:3:5
818 818 | def foo():
819 819 |     def bar(): pass
    820 |+
820 821 |     def baz():
821 822 |         pass
822 823 | # end

E30.py:828:5: E306 [*] Expected 1 blank line before a nested definition, found 0
    |
826 | def a():
827 |     x = 2
828 |     @decorator
    |     ^ E306
829 |     def b():
830 |         pass
    |
    = help: Add missing blank line

ℹ Safe fix
825 825 | # E306
826 826 | def a():
827 827 |     x = 2
    828 |+
828 829 |     @decorator
829 830 |     def b():
830 831 |         pass

E30.py:837:5: E306 [*] Expected 1 blank line before a nested definition, found 0
    |
835 | def a():
836 |     x = 2
837 |     @decorator
    |     ^ E306
838 |     async def b():
839 |         pass
    |
    = help: Add missing blank line

ℹ Safe fix
834 834 | # E306
835 835 | def a():
836 836 |     x = 2
    837 |+
837 838 |     @decorator
838 839 |     async def b():
839 840 |         pass

E30.py:846:5: E306 [*] Expected 1 blank line before a nested definition, found 0
    |
844 | def a():
845 |     x = 2
846 |     async def b():
    |     ^^^^^ E306
847 |         pass
848 | # end
    |
    = help: Add missing blank line

ℹ Safe fix
843 843 | # E306
844 844 | def a():
845 845 |     x = 2
    846 |+
846 847 |     async def b():
847 848 |         pass
848 849 | # end


