---
source: crates/ruff_linter/src/rules/pycodestyle/mod.rs
---
E30.ipynb:55:1: E305 [*] Expected 2 blank lines after class or function definition, found (1)
   |
54 |     # another comment
55 | fn()
   | ^^ E305
56 | # end
57 | # E306:3:5
   |
   = help: Add missing blank line(s)

ℹ Safe fix
49 49 | def fn():
50 50 |     print()
51 51 | 
   52 |+
52 53 |     # comment
53 54 | 
54 55 |     # another comment
