---
source: crates/ruff_linter/src/rules/flake8_bandit/mod.rs
---
S202 Uses of `tarfile.extractall()`
 --> S202.py:8:5
  |
8 |     tar.extractall(path=tempfile.mkdtemp())
  |     ^^^^^^^^^^^^^^
  |

S202 Uses of `tarfile.extractall()`
  --> S202.py:14:5
   |
14 |     tar.extractall(path=tempfile.mkdtemp(), members=members_filter(tar))
   |     ^^^^^^^^^^^^^^
   |

S202 Uses of `tarfile.extractall()`
  --> S202.py:20:5
   |
20 |     tar.extractall(path=tempfile.mkdtemp(), members=[])
   |     ^^^^^^^^^^^^^^
   |

S202 Uses of `tarfile.extractall()`
  --> S202.py:26:5
   |
26 |     tarfile.extractall(path=tempfile.mkdtemp(), members=tar)
   |     ^^^^^^^^^^^^^^^^^^
   |

S202 Uses of `tarfile.extractall()`
  --> S202.py:38:5
   |
38 |     tarfile.extractall(path=tempfile.mkdtemp(), filter="fully_trusted")
   |     ^^^^^^^^^^^^^^^^^^
   |
