---
source: crates/ruff/src/rules/flake8_annotations/mod.rs
---
allow_star_arg_any.py:10:12: ANN401 Dynamically typed expressions (typing.Any) are disallowed in `a`
   |
10 | # ANN401
11 | def foo(a: Any, *args: str, **kwargs: str) -> int:
   |            ^^^ ANN401
12 |     pass
   |

allow_star_arg_any.py:15:47: ANN401 Dynamically typed expressions (typing.Any) are disallowed in `foo`
   |
15 | # ANN401
16 | def foo(a: int, *args: str, **kwargs: str) -> Any:
   |                                               ^^^ ANN401
17 |     pass
   |

allow_star_arg_any.py:40:29: ANN401 Dynamically typed expressions (typing.Any) are disallowed in `a`
   |
40 |     # ANN401
41 |     def foo_method(self, a: Any, *params: str, **options: str) -> int:
   |                             ^^^ ANN401
42 |         pass
   |

allow_star_arg_any.py:44:67: ANN401 Dynamically typed expressions (typing.Any) are disallowed in `foo_method`
   |
44 |     # ANN401
45 |     def foo_method(self, a: int, *params: str, **options: str) -> Any:
   |                                                                   ^^^ ANN401
46 |         pass
   |


