---
source: crates/ruff_linter/src/rules/pydocstyle/mod.rs
---
D409 [*] Section underline should match the length of its name ("Returns")
   --> sections.py:111:5
    |
110 |     Returns
111 |     --
    |     ^^
112 |     A value of some sort.
    |
help: Adjust underline length to match "Returns"
    |
110 |     Returns
    -     --
111 +     -------
112 |     A value of some sort.
    |

D409 [*] Section underline should match the length of its name ("Returns")
   --> sections.py:225:5
    |
224 |     Returns
225 |     ------
    |     ^^^^^^
226 |     Many many wonderful things.
227 |     Raises:
    |
help: Adjust underline length to match "Returns"
    |
224 |     Returns
    -     ------
225 +     -------
226 |     Many many wonderful things.
    |

D409 [*] Section underline should match the length of its name ("Other Parameters")
   --> sections.py:589:5
    |
588 |     Other Parameters
589 |     ----------
    |     ^^^^^^^^^^
590 |     other_parameters:
591 |         A dictionary of string attributes
    |
help: Adjust underline length to match "Other Parameters"
    |
588 |     Other Parameters
    -     ----------
589 +     ----------------
590 |     other_parameters:
    |
