---
source: src/linter.rs
expression: checks
---
- kind: UnnecessaryAbspath
  location:
    row: 3
    column: 4
  end_location:
    row: 3
    column: 21
  fix:
    patch:
      content: __file__
      location:
        row: 3
        column: 4
      end_location:
        row: 3
        column: 21
    applied: false
- kind: UnnecessaryAbspath
  location:
    row: 9
    column: 4
  end_location:
    row: 9
    column: 29
  fix:
    patch:
      content: __file__
      location:
        row: 9
        column: 4
      end_location:
        row: 9
        column: 29
    applied: false
- kind: UnnecessaryAbspath
  location:
    row: 15
    column: 4
  end_location:
    row: 15
    column: 26
  fix:
    patch:
      content: __file__
      location:
        row: 15
        column: 4
      end_location:
        row: 15
        column: 26
    applied: false

