---
source: src/linter.rs
expression: checks
---
- kind:
    TrueFalseComparison:
      - true
      - Eq
  location:
    row: 2
    column: 11
  end_location:
    row: 2
    column: 15
  fix: ~
- kind:
    TrueFalseComparison:
      - false
      - NotEq
  location:
    row: 5
    column: 11
  end_location:
    row: 5
    column: 16
  fix: ~
- kind:
    TrueFalseComparison:
      - true
      - NotEq
  location:
    row: 8
    column: 4
  end_location:
    row: 8
    column: 8
  fix: ~
- kind:
    TrueFalseComparison:
      - false
      - Eq
  location:
    row: 11
    column: 4
  end_location:
    row: 11
    column: 9
  fix: ~
- kind:
    TrueFalseComparison:
      - true
      - Eq
  location:
    row: 14
    column: 14
  end_location:
    row: 14
    column: 18
  fix: ~
- kind:
    TrueFalseComparison:
      - false
      - NotEq
  location:
    row: 17
    column: 14
  end_location:
    row: 17
    column: 19
  fix: ~
- kind:
    TrueFalseComparison:
      - true
      - Eq
  location:
    row: 20
    column: 20
  end_location:
    row: 20
    column: 24
  fix: ~
- kind:
    TrueFalseComparison:
      - false
      - Eq
  location:
    row: 20
    column: 44
  end_location:
    row: 20
    column: 49
  fix: ~
- kind:
    TrueFalseComparison:
      - true
      - Eq
  location:
    row: 22
    column: 5
  end_location:
    row: 22
    column: 9
  fix: ~

